Starting project at /app
NativeWind made the following changes to your project to support TypeScript:
  - Created nativewind-env.d.ts
Starting Metro Bundler
The following packages should be updated for best compatibility with the installed expo version:
  react-native-gesture-handler@2.30.0 - expected version: ~2.28.0
  react-native-reanimated@4.2.1 - expected version: ~4.1.1
  react-native-screens@4.22.0 - expected version: ~4.16.0
Your project may not work correctly until you install the expected versions of the packages.
Waiting on http://localhost:8081
Logs for your project will appear below.
Web ./index.ts ░░░░░░░░░░░░░░░░  0.0% (0/1)
Web ./index.ts ▓▓▓▓▓▓▓▓░░░░░░░░ 50.3% (183/287)
Web ./index.ts ▓▓▓▓▓▓▓▓░░░░░░░░ 50.3% ( 391/2172)
Web ./index.ts ▓▓▓▓▓▓▓▓░░░░░░░░ 50.3% (1221/2198)
Web ./index.ts ▓▓▓▓▓▓▓▓▓▓▓▓▓▓░░ 93.1% (2154/2244)
Web Bundled 16235ms index.ts (2356 modules)
 LOG  [web] Logs will appear in the browser console
Web Bundled 1037ms node_modules/expo-sqlite/web/worker.ts (16 modules)
Web ./index.ts ░░░░░░░░░░░░░░░░  0.0% (0/1)
Web Bundled 218ms index.ts (1 module)
 LOG  [web] Logs will appear in the browser console
Web Bundled 5ms node_modules/expo-sqlite/web/worker.ts (1 module)
